C:\Users\eldad\PhpstormProjects\SocialNetwork\backend>npm init -y
Wrote to C:\Users\eldad\PhpstormProjects\SocialNetwork\backend\package.json:

{
  "name": "backend",
  "version": "1.0.0",
  "main": "index.js",
  "scripts": {
    "test": "echo \"Error: no test specified\" && exit 1"
  },
  "keywords": [],
  "author": "",
  "license": "ISC",
  "description": ""
}



C:\Users\eldad\PhpstormProjects\SocialNetwork\backend>tsc --init

Created a new tsconfig.json with:
                                                                                TS
  target: es2016
  module: commonjs
  strict: true
  esModuleInterop: true
  skipLibCheck: true
  forceConsistentCasingInFileNames: true


You can learn more at https://aka.ms/tsconfig



C:\Users\eldad\PhpstormProjects\SocialNetwork\backend>npm i express

added 69 packages, and audited 71 packages in 13s

14 packages are looking for funding
  run `npm fund` for details

found 0 vulnerabilities

C:\Users\eldad\PhpstormProjects\SocialNetwork\backend>npm i --save-dev @types/express

added 12 packages, and audited 83 packages in 11s

14 packages are looking for funding
  run `npm fund` for details

found 0 vulnerabilities

C:\Users\eldad\PhpstormProjects\SocialNetwork\backend>npm i cors helmet hpp cookie-session compression express-async-errors http-status-codes

added 15 packages, and audited 100 packages in 55s

14 packages are looking for funding
  run `npm fund` for details

found 0 vulnerabilities

C:\Users\eldad\PhpstormProjects\SocialNetwork\backend>npm i --save-dev @types/cors

added 1 package, and audited 101 packages in 2s

14 packages are looking for funding
  run `npm fund` for details

found 0 vulnerabilities

C:\Users\eldad\PhpstormProjects\SocialNetwork\backend>npm i --save-dev @types/hpp

added 1 package, and audited 102 packages in 3s

14 packages are looking for funding
  run `npm fund` for details

found 0 vulnerabilities


C:\Users\eldad\PhpstormProjects\SocialNetwork\backend>npm i --save-dev @types/cookie-session

added 2 packages, and audited 104 packages in 2s

14 packages are looking for funding
  run `npm fund` for details

found 0 vulnerabilities

C:\Users\eldad\PhpstormProjects\SocialNetwork\backend>npm i --save-dev @types/compression

added 1 package, and audited 105 packages in 2s

14 packages are looking for funding
  run `npm fund` for details

found 0 vulnerabilities


C:\Users\eldad\PhpstormProjects\SocialNetwork\backend>npm i -g nodemon

changed 29 packages in 1s

4 packages are looking for funding
  run `npm fund` for details


C:\Users\eldad\PhpstormProjects\SocialNetwork\backend>npm i ts-node -D

changed 18 packages, and audited 151 packages in 5s

18 packages are looking for funding
  run `npm fund` for details

found 0 vulnerabilities


C:\Users\eldad\PhpstormProjects\SocialNetwork\backend>npm install --save-dev tsconfig-paths

added 4 packages, and audited 155 packages in 2s

19 packages are looking for funding
  run `npm fund` for details

found 0 vulnerabilities


when you run it, use npx nodemon src/app.ts

C:\Users\eldad\PhpstormProjects\SocialNetwork\backend>npm i mongoose

added 20 packages, and audited 175 packages in 13s

20 packages are looking for funding
  run `npm fund` for details

found 0 vulnerabilities

C:\Users\eldad\PhpstormProjects\SocialNetwork\backend>npm i dotenv

added 1 package, and audited 176 packages in 2s

21 packages are looking for funding
  run `npm fund` for details

found 0 vulnerabilities

C:\Users\eldad\PhpstormProjects\SocialNetwork\backend>npm install @socket.io/redis-adapter redis socket.io

added 32 packages, and audited 208 packages in 25s

21 packages are looking for funding
  run `npm fund` for details

found 0 vulnerabilities


C:\Users\eldad\PhpstormProjects\SocialNetwork\backend>npm install --save-dev @types/express@4.17.13

changed 2 packages, and audited 207 packages in 6s

19 packages are looking for funding
  run `npm fund` for details

6 vulnerabilities (3 low, 3 high)

To address all issues, run:
  npm audit fix

Run `npm audit` for details.


C:\Users\eldad\PhpstormProjects\SocialNetwork\backend>npm i -D eslint eslint-config-prettier prettier @typescript-eslint/eslint-plugin @typescript-eslint/parser

added 114 packages, and audited 336 packages in 26s

53 packages are looking for funding
  run `npm fund` for details

6 vulnerabilities (3 low, 3 high)

To address all issues, run:
  npm audit fix

Run `npm audit` for details.


C:\Users\eldad\PhpstormProjects\SocialNetwork\backend>npm init @eslint/config@latest

> backend@1.0.0 npx
> create-config

@eslint/create-config: v1.4.0

√ How would you like to use ESLint? · problems
√ What type of modules does your project use? · commonjs
√ Which framework does your project use? · none
√ Does your project use TypeScript? · typescript
√ Where does your code run? · node
The config that you've selected requires the following dependencies:

eslint, globals, @eslint/js, typescript-eslint
√ Would you like to install them now? · No / Yes
√ Which package manager do you want to use? · npm
☕️Installing...
npm warn idealTree Removing dependencies.eslint in favor of devDependencies.eslint

added 33 packages, removed 11 packages, changed 8 packages, and audited 606 packages in 1m

91 packages are looking for funding
  run `npm fund` for details

6 vulnerabilities (3 low, 3 high)

To address all issues, run:
  npm audit fix

Run `npm audit` for details.
Successfully created C:\Users\eldad\PhpstormProjects\SocialNetwork\backend\eslint.config.js file.
