C:\Users\eldad\PhpstormProjects\SocialNetwork\backend>npm init -y
Wrote to C:\Users\eldad\PhpstormProjects\SocialNetwork\backend\package.json:

{
  "name": "backend",
  "version": "1.0.0",
  "main": "index.js",
  "scripts": {
    "test": "echo \"Error: no test specified\" && exit 1"
  },
  "keywords": [],
  "author": "",
  "license": "ISC",
  "description": ""
}



C:\Users\eldad\PhpstormProjects\SocialNetwork\backend>tsc --init

Created a new tsconfig.json with:
                                                                                TS
  target: es2016
  module: commonjs
  strict: true
  esModuleInterop: true
  skipLibCheck: true
  forceConsistentCasingInFileNames: true


You can learn more at https://aka.ms/tsconfig



C:\Users\eldad\PhpstormProjects\SocialNetwork\backend>npm i express

added 69 packages, and audited 71 packages in 13s

14 packages are looking for funding
  run `npm fund` for details

found 0 vulnerabilities

C:\Users\eldad\PhpstormProjects\SocialNetwork\backend>npm i --save-dev @types/express

added 12 packages, and audited 83 packages in 11s

14 packages are looking for funding
  run `npm fund` for details

found 0 vulnerabilities

C:\Users\eldad\PhpstormProjects\SocialNetwork\backend>npm i cors helmet hpp cookie-session compression express-async-errors http-status-codes

added 15 packages, and audited 100 packages in 55s

14 packages are looking for funding
  run `npm fund` for details

found 0 vulnerabilities

C:\Users\eldad\PhpstormProjects\SocialNetwork\backend>npm i --save-dev @types/cors

added 1 package, and audited 101 packages in 2s

14 packages are looking for funding
  run `npm fund` for details

found 0 vulnerabilities

C:\Users\eldad\PhpstormProjects\SocialNetwork\backend>npm i --save-dev @types/hpp

added 1 package, and audited 102 packages in 3s

14 packages are looking for funding
  run `npm fund` for details

found 0 vulnerabilities


C:\Users\eldad\PhpstormProjects\SocialNetwork\backend>npm i --save-dev @types/cookie-session

added 2 packages, and audited 104 packages in 2s

14 packages are looking for funding
  run `npm fund` for details

found 0 vulnerabilities

C:\Users\eldad\PhpstormProjects\SocialNetwork\backend>npm i --save-dev @types/compression

added 1 package, and audited 105 packages in 2s

14 packages are looking for funding
  run `npm fund` for details

found 0 vulnerabilities